// Jest Snapshot v1, https://goo.gl/fbAQLP

exports[`MicrosoftClarity doesn't add anything if there's no tracking ids 1`] = `""`;

exports[`MicrosoftClarity works with a single tracking id 1`] = `
"<script data-rh=\\"true\\" >
(function(c,l,a,r,i,t,y){
  c[a]=c[a]||function(){(c[a].q=c[a].q||[]).push(arguments)};
  t=l.createElement(r);t.async=1;t.src=\\"https://www.clarity.ms/tag/\\"+i;
  y=l.getElementsByTagName(r)[0];y.parentNode.insertBefore(t,y);
})(window, document, \\"clarity\\", \\"script\\", \\"YOURCODE\\");
</script>"
`;
